total rows=30
--- newest 4 ---
   2025-08-21 BV1AXYdzcEJv 【项目介绍】进一步彭城万里——第二家俱乐部我会开在哪里
   2025-08-10 BV1ymbMzWEoP 【哲学基础】第六讲：作为肉欲-理型的现象学与后现象学
   2025-08-10 BV12ybMzxEJF 【哲学基础】第五讲：作为意识形态学和叛乱术的哲学
   2025-08-10 BV1CQbMzDEge 【哲学基础】第四讲：作为资产阶级革命的哲学
--- oldest 4 ---
   2025-06-18 BV1VVNLztEc7 【随便聊聊】学术酒吧之我见——给我那么高待遇干啥？一石三鸟的买卖不亏本
   2025-06-16 BV1QsNhzNEuN 【人生抉择】一个美好生命的消失——我矢志不渝投身彻底的社会改造事业的契机
   2025-06-15 BV1KhM4zxEqi 【青囊黄庭】革命的三元丹法（1）：总纲及地元丹法简介
   2025-06-15 BV1Y7M4zNEfF 【行动指南】从爱情走向革命
--- ingestion page outcomes (error codes) ---
  page 5 ok None
  page 5 ok None
  page 5 risk_interrupted rate_limited
  page 5 risk_interrupted rate_limited
  page 5 risk_interrupted rate_limited
  page 6 failed shape_error
  page 6 risk_interrupted rate_limited
  page 6 failed shape_error
  page 6 risk_interrupted rate_limited
  page 6 failed shape_error
  page 6 risk_interrupted rate_limited
  page 6 failed shape_error
  page 6 failed shape_error
  page 6 risk_interrupted rate_limited
  page 6 risk_interrupted rate_limited
  page 6 risk_interrupted rate_limited
  page 6 failed shape_error
  page 6 risk_interrupted rate_limited
  page 6 risk_interrupted rate_limited
--- cursor ---
   {'mid': 23191782, 'next_page': 6, 'observed_total': 1691, 'state': 'ready', 'last_error_code': None, 'updated_at': 1790750615}
Traceback (most recent call last):
  File "<stdin>", line 2, in <module>
FileNotFoundError: [Errno 2] No such file or directory: '/root/workspace/bilibili-asr-archive/.tmp/up-videos-all.json'
