recArchives pn=4 total=1739 n=30 hits=[]
     first: 2025-11-27 BV1EmUqBdEx4 【现实观察】你为什么犯病
     first: 2025-11-27 BV1y7UBBNE3t 【随便聊聊】克服性压抑的办法：成为英雄单位
     last : 2025-09-06 BV1fnaBzNEJW 【哲学基础】第十一讲：如同庸常婚姻终结爱情的作为资产阶级辩护术的
     last : 2025-09-06 BV1z7aBzTEpi 【哲学基础】第十讲：通过符号学路径把握作为梦的发生学和神话编织术
recArchives pn=5 total=1739 n=29 hits=['BV1BdtazGEBE']
     first: 2025-09-06 BV11KaBzyE7t 【哲学基础】第九讲：用于满足庸常理智的作为重复的蹩脚哲学
     first: 2025-09-06 BV1yMaBzVE5u 【哲学基础】第八讲：通过享乐来划分两种哲学：资产阶级哲学与战时无
     last : 2025-07-04 BV1vb3gzYEss 【历史唯物主义】无产者指南——无产阶级的阶级意识是什么？哪种无产
     last : 2025-07-01 BV1CEgkziEao 【直播回放】支教志愿者线上面试第十轮直播 2025年06月30日
recArchives pn=6 total=1739 n=29 hits=['BV1Y7M4zNEfF', 'BV1vNTqzFEve', 'BV1zz5zzFENq']
     first: 2025-06-30 BV1QJ3wzqEcd 【直播回放】支教志愿者线上面试第九轮直播 2025年06月29日
     first: 2025-06-30 BV1SYgozpEtE 【直播回放】支教志愿者线上面试第八轮直播 2025年06月28日
     last : 2025-04-18 BV1zz5zzFENq 【历史唯物主义】革命与爱情
     last : 2025-04-18 BV11p5qzAE6s 【实事求是】被迫配种的本已是囚，革命者应该如何恋爱
recArchives pn=7 total=1739 n=27 hits=[]
     first: 2025-04-12 BV1iddQYQE7D 【随便聊聊】普通人如何扬弃性的压抑，革命者如何扬弃爱的压抑
     first: 2025-04-10 BV12jduYEEYg 【庶政学】权力的三个基本性质
     last : 2025-02-17 BV1JVwSeNEaY 【现实观察】人工智能本地部署、社区部署的政治意义
     last : 2025-02-16 BV19UAVetEvS 【丑态毕露】李天然拍股记&保姆式勤务员
