total 192
drwxr-xr-x 3 root root   4096 Sep 30 14:46 .
drwxr-xr-x 6 root root   4096 Sep 30 14:43 ..
-rw-r--r-- 1 root root 180224 Sep 30 14:46 archive.db
drwxr-xr-x 2 root root   4096 Sep 30 14:43 coordinator
videos: 30
video_parts: 30
transcripts: 0
--- the four target work_ids ---
BV1BdtazGEBE: [('BV1BdtazGEBE:p0', 31594841414, 6395000, '【哲学与现实】爱情升级指南——当你说“我爱你”时，你到底在怎说什么')]
BV1vNTqzFEve: ABSENT
BV1Y7M4zNEfF: [('BV1Y7M4zNEfF:p0', 30506419561, 2598000, '【行动指南】从爱情走向革命')]
BV1zz5zzFENq: ABSENT
--- queue views (before any caption work) ---
  v_missing_subtitle: 30
  v_missing_audio: 0
  v_missing_transcript: 0
  v_pending_subtitles: 30
--- target parts in v_missing_subtitle ---
   ['BV1BdtazGEBE:p0', 'BV1Y7M4zNEfF:p0']
